main.c:85:1:__io_putchar	16	static
main.c:96:6:HAL_UART_RxCpltCallback	16	static
main.c:106:6:HAL_GPIO_EXTI_Callback	16	static
main.c:118:6:UART2_Clear	16	static
main.c:139:5:main	24	static
main.c:247:6:SystemClock_Config	88	static
main.c:287:13:MX_ADC1_Init	24	static
main.c:337:13:MX_SPI1_Init	8	static
main.c:375:13:MX_TIM2_Init	64	static
main.c:434:13:MX_USART1_UART_Init	8	static
main.c:469:13:MX_USART2_UART_Init	8	static
main.c:502:13:MX_GPIO_Init	40	static
main.c:540:6:Error_Handler	4	static,ignoring_inline_asm
