main.c:87:1:__io_putchar	16	static
main.c:98:6:HAL_UART_RxCpltCallback	16	static
main.c:108:6:HAL_GPIO_EXTI_Callback	16	static
main.c:120:6:UART2_Clear	16	static
main.c:141:5:main	24	static
main.c:300:6:SystemClock_Config	88	static
main.c:340:13:MX_ADC1_Init	24	static
main.c:390:13:MX_SPI1_Init	8	static
main.c:428:13:MX_TIM2_Init	64	static
main.c:487:13:MX_USART1_UART_Init	8	static
main.c:522:13:MX_USART2_UART_Init	8	static
main.c:555:13:MX_GPIO_Init	40	static
main.c:607:6:Error_Handler	4	static,ignoring_inline_asm
