TFT_control.c:26:6:Set_TFT_Backlight_PWM	16	static
TFT_control.c:30:6:Cnange_TFT_Backlight	8	static
TFT_control.c:55:6:TFT_WriteBus	24	static
TFT_control.c:66:4:SPI_WriteByte	16	static
TFT_control.c:71:6:SPI_WriteByte_u8	16	static
TFT_control.c:77:6:TFT_WriteComm	16	static
TFT_control.c:85:6:TFT_WriteData	16	static
TFT_control.c:93:6:TFT_WriteData_u16	16	static
TFT_control.c:102:6:TFT_WriteRegi	16	static
TFT_control.c:107:6:TFT_ReStart	8	static
TFT_control.c:114:6:LCD_WR_REG	16	static
TFT_control.c:121:6:LCD_WR_DATA8	16	static
TFT_control.c:126:6:LCD_WR_DATA	16	static
TFT_control.c:132:6:LCD_Address_Set	24	static
TFT_control.c:142:6:TFT_SelectRange	24	static
TFT_control.c:156:6:TFT_DrawRect	32	static
TFT_control.c:168:6:TFT_DrawPoint	16	static
TFT_control.c:177:6:TFT_Clear	24	static
TFT_control.c:187:6:LCD_Fill	32	static
TFT_control.c:198:6:LCD_DrawPoint	16	static
TFT_control.c:204:6:LCD_DrawLine	64	static
TFT_control.c:234:6:LCD_DrawRectangle	32	static
TFT_control.c:241:6:Draw_Circle	32	static
TFT_control.c:259:6:LCD_ShowChar	40	static
TFT_control.c:289:6:LCD_ShowString	48	static
TFT_control.c:297:6:TFT_INIT	8	static
