TFT_control.c:25:6:Set_TFT_Backlight_PWM	16	static
TFT_control.c:29:6:Cnange_TFT_Backlight	8	static
TFT_control.c:44:4:SPI_WriteByte	16	static
TFT_control.c:48:6:SPI_WriteByte_u8	16	static
TFT_control.c:53:6:TFT_WriteComm	16	static
TFT_control.c:61:6:TFT_WriteData	16	static
TFT_control.c:69:6:TFT_WriteData_u16	16	static
TFT_control.c:78:6:TFT_WriteRegi	16	static
TFT_control.c:83:6:TFT_ReStart	8	static
TFT_control.c:90:6:TFT_SelectRange	24	static
TFT_control.c:104:6:TFT_DrawRect	32	static
TFT_control.c:116:6:TFT_DrawPoint	16	static
TFT_control.c:126:6:TFT_Clear	24	static
TFT_control.c:136:6:TFT_INIT	8	static
