TFT_control.c:22:6:Set_TFT_Backlight_PWM	16	static
TFT_control.c:26:6:Cnange_TFT_Backlight	8	static
TFT_control.c:41:4:SPI_WriteByte	16	static
TFT_control.c:45:6:SPI_WriteByte_u8	16	static
TFT_control.c:49:6:TFT_WriteComm	16	static
TFT_control.c:56:6:TFT_WriteData	16	static
TFT_control.c:63:6:TFT_WriteData_u16	16	static
TFT_control.c:71:6:TFT_WriteRegi	16	static
TFT_control.c:76:6:TFT_ReStart	8	static
TFT_control.c:83:6:TFT_SelectPos	16	static
TFT_control.c:91:6:TFT_SelectRange	24	static
TFT_control.c:113:6:TFT_DrawRect	24	static
TFT_control.c:118:6:TFT_DrawPoint	16	static
TFT_control.c:136:6:TFT_Clear	24	static
TFT_control.c:146:6:TFT_INIT	8	static
